../Core/Src/main.c:183:13:servo_set_pulse_us	16	static
../Core/Src/main.c:191:13:servo_set_angle	24	static
../Core/Src/main.c:203:13:motor_set_raw	24	static
../Core/Src/main.c:210:13:motor_set_left	16	static
../Core/Src/main.c:215:13:motor_set_right	16	static
../Core/Src/main.c:220:13:motor_set_both	16	static
../Core/Src/main.c:226:13:motor_stop	8	static
../Core/Src/main.c:231:13:motor_set_forward_direction	8	static
../Core/Src/main.c:238:13:ir_read_black	24	static
../Core/Src/main.c:254:16:ir_read_mask	16	static
../Core/Src/main.c:282:13:us_pin_output	32	static
../Core/Src/main.c:293:13:us_pin_input	32	static
../Core/Src/main.c:303:13:us_delay_us	16	static
../Core/Src/main.c:311:13:us_trigger	8	static
../Core/Src/main.c:326:17:us_echo_pulse_us	16	static
../Core/Src/main.c:349:17:us_read_distance_mm	16	static
../Core/Src/main.c:365:20:steering_get_command	24	static
../Core/Src/main.c:424:20:steering_filter_command	16	static
../Core/Src/main.c:455:13:steering_apply_command	24	static
../Core/Src/main.c:487:16:speed_for_steering	16	static
../Core/Src/main.c:510:13:control_loop	16	static
../Core/Src/main.c:541:13:servo_sweep_test	8	static
../Core/Src/main.c:565:13:motor_test	8	static
../Core/Src/main.c:587:5:main	8	static
../Core/Src/main.c:644:6:SystemClock_Config	96	static
../Core/Src/main.c:687:13:MX_I2C1_Init	8	static
../Core/Src/main.c:732:13:MX_TIM2_Init	48	static
../Core/Src/main.c:782:13:MX_TIM3_Init	48	static
../Core/Src/main.c:836:13:MX_TIM4_Init	40	static
../Core/Src/main.c:882:13:MX_USART2_UART_Init	8	static
../Core/Src/main.c:918:13:MX_GPIO_Init	48	static
../Core/Src/main.c:966:6:Error_Handler	4	static,ignoring_inline_asm
